[x = 3,
 foo_cb_gen1_l1 = True,
 foo1_cb_gen0_l1 = True,
 foo_cb_gen0_l1 = True,
 y = 4,
 foo_cb = [else ->
           If(Or(And(4 <= Var(0), Not(4 <= Var(1))),
                 And(Not(4 <= Var(0)), 4 <= Var(1))),
              8,
              1622)],
 foo1_cb = [else ->
            If(Or(And(Not(Var(0) == 4), Var(1) == 4),
                  And(Var(0) == 4, Not(Var(1) == 4))),
               8,
               1623)],
 add = [else -> Var(0) + Var(1)]]


lemmas used:
lemmaString (assert (forall ((var_x Int) (var_y Int)) (= (foo_cb var_x var_y) (foo_cb var_y var_x)))) {'foo1_cb': foo1_cb, 'foo_cb': foo_cb}
foo_cb_gen0_l1 foo_cb_gen0_l1
lemmaString (assert (forall ((var_x Int) (var_y Int)) (= (foo1_cb var_x var_y) (foo1_cb var_y var_x)))) {'foo1_cb': foo1_cb, 'foo_cb': foo_cb}
foo1_cb_gen0_l1 foo1_cb_gen0_l1
lemmaString (assert (forall ((var_x Int) (var_y Int)) (= (foo_cb var_x var_y) (foo_cb (ite (> var_x var_y) var_y var_x) (ite (> var_x var_y) var_x var_y))))) {'foo1_cb': foo1_cb, 'foo_cb': foo_cb}
